
Allocating common symbols
Common symbol       size              file

netbufpool          0x4               binaries/net.o
tmp                 0x4               binaries/control_reg.o
readylist           0x2               binaries/ready.o
rfltab              0x5a0             binaries/rflinit.o
netportseed         0x8               binaries/net.o
sleepq              0x2               binaries/clkinit.o
pdpt_start          0x4               binaries/meminit.o
nnames              0x4               binaries/naminit.o
udptab              0x168             binaries/udp.o
minheap             0x4               binaries/meminit.o
marks               0x50              binaries/mark.o
currpid             0x4               binaries/initialize.o
pt_memlist          0x8               binaries/initialize.o
Lf_data             0x20c             binaries/lfsinit.o
porttab             0x2d0             binaries/ptinit.o
girmask             0x2               binaries/evec.o
ttytab              0x110             binaries/ttyinit.o
proctab             0x1c20            binaries/initialize.o
prcount             0x4               binaries/initialize.o
lfltab              0xf00             binaries/lflinit.o
rdstab              0x8c              binaries/rdsinit.o
ethertab            0x130             binaries/ethinit.o
NetData             0xb0              binaries/net.o
nmarks              0x4               binaries/mark.o
ffs_memlist         0x8               binaries/initialize.o
initsp              0x4               binaries/i386.o
Defer               0x8               binaries/resched.o
semtab              0x4b0             binaries/initialize.o
maxheap             0x4               binaries/meminit.o
preempt             0x4               binaries/clkinit.o
buftab              0xf0              binaries/bufinit.o
Rf_data             0x18              binaries/rfsinit.o
ffs_end             0x4               binaries/meminit.o
mkmutex             0x4               binaries/mark.o
clktime             0x4               binaries/clkinit.o
ffs_start           0x4               binaries/meminit.o
arpcache            0x140             binaries/arp.o
icmptab             0x230             binaries/icmp.o
nbpools             0x4               binaries/bufinit.o
queuetab            0x980             binaries/queue.o
PD_Base_System      0x4               binaries/initialize.o
ptnextid            0x4               binaries/ptinit.o
Ram                 0x19000           binaries/raminit.o
pdpt_end            0x4               binaries/meminit.o
ipoqueue            0x2c              binaries/ip.o
PD_Base_Kernel      0x4               binaries/initialize.o
memlist             0x8               binaries/initialize.o
nametab             0x19a0            binaries/naminit.o
ptfree              0x4               binaries/ptinit.o

Memory Configuration

Name             Origin             Length             Attributes
*default*        0x0000000000000000 0xffffffffffffffff

Linker script and memory map

                0x0000000000100000                physbase = 0x100000
                0x0000000000100000                . = physbase
                0x0000000000100000                . = ALIGN (0x1000)

.text           0x0000000000100000    0x1c000
                0x0000000000100000                text = ABSOLUTE (.)
 *(.text .text.*)
 .text          0x0000000000100000      0x165 binaries/start.o
                0x0000000000100020                entry
                0x000000000010003d                start
                0x00000000001000a5                inb
                0x00000000001000ad                inw
                0x00000000001000b6                inl
                0x00000000001000be                outb
                0x00000000001000c8                outw
                0x00000000001000d3                outl
                0x00000000001000dd                _rtcin
                0x00000000001000e8                ___udivsi3
                0x00000000001000f3                ___divsi3
                0x00000000001000ff                sbzero
                0x000000000010010f                bcopy
                0x0000000000100123                insw
                0x0000000000100139                outsw
                0x000000000010014f                lidt
                0x0000000000100157                jumptocode
                0x000000000010015e                jumptobootcode
 .text          0x0000000000100165      0x3e3 binaries/ascdate.o
                0x0000000000100165                ascdate
 .text          0x0000000000100548       0x14 binaries/bufinit.o
                0x0000000000100548                bufinit
 .text          0x000000000010055c       0x8d binaries/chprio.o
                0x000000000010055c                chprio
 .text          0x00000000001005e9       0x96 binaries/clkhandler.o
                0x00000000001005e9                clkhandler
 .text          0x000000000010067f       0x7e binaries/clkinit.o
                0x000000000010067f                clkinit
 .text          0x00000000001006fd       0x75 binaries/close.o
                0x00000000001006fd                close
 .text          0x0000000000100772        0x0 binaries/conf.o
 .text          0x0000000000100772       0x7b binaries/control.o
                0x0000000000100772                control
 .text          0x00000000001007ed      0x181 binaries/control_reg.o
                0x00000000001007ed                read_cr0
                0x0000000000100820                read_cr2
                0x0000000000100853                read_cr3
                0x0000000000100886                read_cr4
                0x00000000001008b9                write_cr0
                0x00000000001008e9                write_cr3
                0x0000000000100919                write_cr4
                0x0000000000100949                enable_paging
 .text          0x000000000010096e      0x2c6 binaries/create.o
                0x000000000010096e                create
                0x0000000000100bc6                newpid
 .text          0x0000000000100c34      0x357 binaries/evec.o
                0x0000000000100c34                initevec
                0x0000000000100c8b                set_evec
                0x0000000000100d2d                trap
 .text          0x0000000000100f8b       0x19 binaries/exit.o
                0x0000000000100f8b                exit
 .text          0x0000000000100fa4       0x8c binaries/freebuf.o
                0x0000000000100fa4                freebuf
 .text          0x0000000000101030      0x172 binaries/freemem.o
                0x0000000000101030                freemem
 .text          0x00000000001011a2      0x109 binaries/freevirtualmem.o
                0x00000000001011a2                freevirtualmem
 .text          0x00000000001012ab       0x8a binaries/getbuf.o
                0x00000000001012ab                getbuf
 .text          0x0000000000101335       0x75 binaries/getc.o
                0x0000000000101335                getc
 .text          0x00000000001013aa       0x74 binaries/getdev.o
                0x00000000001013aa                getdev
 .text          0x000000000010141e       0xd0 binaries/getitem.o
                0x000000000010141e                getfirst
                0x0000000000101463                getlast
                0x00000000001014aa                getitem
 .text          0x00000000001014ee      0x223 binaries/getmem.o
                0x00000000001014ee                getmem
                0x00000000001015f8                getvirtualmem
 .text          0x0000000000101711        0xa binaries/getpid.o
                0x0000000000101711                getpid
 .text          0x000000000010171b       0x75 binaries/getprio.o
                0x000000000010171b                getprio
 .text          0x0000000000101790       0xfb binaries/getstk.o
                0x0000000000101790                getstk
 .text          0x000000000010188b       0x16 binaries/getticks.o
                0x000000000010188b                getticks
 .text          0x00000000001018a1       0x3a binaries/gettime.o
                0x00000000001018a1                gettime
 .text          0x00000000001018db      0x1e2 binaries/getutime.o
                0x00000000001018db                getutime
 .text          0x0000000000101abd      0x3cc binaries/i386.o
                0x0000000000101abd                setsegs
                0x0000000000101bd6                init8259
                0x0000000000101c88                pseg
                0x0000000000101e30                setirmask
 .text          0x0000000000101e89       0x75 binaries/init.o
                0x0000000000101e89                init
 .text          0x0000000000101efe      0x489 binaries/initialize.o
                0x0000000000101efe                nulluser
                0x000000000010232e                stop
                0x0000000000102359                delay
 .text          0x0000000000102387       0xda binaries/insert.o
                0x0000000000102387                insert
 .text          0x0000000000102461      0x10c binaries/insertd.o
                0x0000000000102461                insertd
 .text          0x000000000010256d        0xa binaries/ioerr.o
                0x000000000010256d                ioerr
 .text          0x0000000000102577        0xa binaries/ionull.o
                0x0000000000102577                ionull
 .text          0x0000000000102581      0x396 binaries/kill.o
                0x0000000000102581                kill
 .text          0x0000000000102917      0x14e binaries/kprintf.o
                0x0000000000102917                kputc
                0x00000000001029aa                kgetc
                0x0000000000102a3b                kprintf
 .text          0x0000000000102a65      0x8f9 binaries/main.o
                0x0000000000102a65                sync_printf
                0x0000000000102b15                process_info
                0x0000000000102b61                empty_process
                0x0000000000102b7f                vmalloc_process
                0x0000000000102e69                vmalloc_process2
                0x0000000000103093                main
 .text          0x000000000010335e       0xb5 binaries/mark.o
                0x000000000010335e                markinit
                0x0000000000103382                mark
 .text          0x0000000000103413      0x1a1 binaries/meminit.o
                0x0000000000103413                meminit
                0x00000000001034d5                virtualmem_init
 .text          0x00000000001035b4      0x174 binaries/mkbufpool.o
                0x00000000001035b4                mkbufpool
 .text          0x0000000000103728       0x94 binaries/newqueue.o
                0x0000000000103728                newqueue
 .text          0x00000000001037bc       0x7b binaries/open.o
                0x00000000001037bc                open
 .text          0x0000000000103837      0x171 binaries/p4_debug_functions.o
                0x0000000000103837                free_ffs_pages
                0x0000000000103844                allocated_virtual_pages
                0x0000000000103861                used_ffs_frames
                0x000000000010387e                debug_bits
 .text          0x00000000001039a8      0x186 binaries/page_fault_handler.o
                0x00000000001039a8                pagefault_handler
 .text          0x0000000000103b2e       0x20 binaries/panic.o
                0x0000000000103b2e                panic
 .text          0x0000000000103b4e      0x489 binaries/pci.o
                0x0000000000103b4e                pci_init
                0x0000000000103e0b                find_pci_device
                0x0000000000103e59                pci_bios_read_config_byte
                0x0000000000103e98                pci_bios_read_config_word
                0x0000000000103eda                pci_bios_read_config_dword
                0x0000000000103f19                pci_bios_write_config_byte
                0x0000000000103f5a                pci_bios_write_config_word
                0x0000000000103f9c                pci_bios_write_config_dword
 .text          0x0000000000103fd7       0xf1 binaries/ptclear.o
                0x0000000000103fd7                _ptclear
 .text          0x00000000001040c8       0x9d binaries/ptcount.o
                0x00000000001040c8                ptcount
 .text          0x0000000000104165      0x116 binaries/ptcreate.o
                0x0000000000104165                ptcreate
 .text          0x000000000010427b       0x7f binaries/ptdelete.o
                0x000000000010427b                ptdelete
 .text          0x00000000001042fa       0xbf binaries/ptinit.o
                0x00000000001042fa                ptinit
 .text          0x00000000001043b9      0x11b binaries/ptrecv.o
                0x00000000001043b9                ptrecv
 .text          0x00000000001044d4       0x77 binaries/ptreset.o
                0x00000000001044d4                ptreset
 .text          0x000000000010454b      0x13d binaries/ptsend.o
                0x000000000010454b                ptsend
 .text          0x0000000000104688       0x80 binaries/putc.o
                0x0000000000104688                putc
 .text          0x0000000000104708      0x10d binaries/queue.o
                0x0000000000104708                enqueue
                0x00000000001047a8                dequeue
 .text          0x0000000000104815       0x7b binaries/read.o
                0x0000000000104815                read
 .text          0x0000000000104890       0x78 binaries/ready.o
                0x0000000000104890                ready
 .text          0x0000000000104908       0x60 binaries/receive.o
                0x0000000000104908                receive
 .text          0x0000000000104968       0x5c binaries/recvclr.o
                0x0000000000104968                recvclr
 .text          0x00000000001049c4       0xbb binaries/recvtime.o
                0x00000000001049c4                recvtime
 .text          0x0000000000104a7f      0x171 binaries/resched.o
                0x0000000000104a7f                resched
                0x0000000000104b7b                resched_cntl
 .text          0x0000000000104bf0       0xaa binaries/resume.o
                0x0000000000104bf0                resume
 .text          0x0000000000104c9a       0x79 binaries/seek.o
                0x0000000000104c9a                seek
 .text          0x0000000000104d13       0x70 binaries/semcount.o
                0x0000000000104d13                semcount
 .text          0x0000000000104d83       0xd6 binaries/semcreate.o
                0x0000000000104d83                semcreate
 .text          0x0000000000104e59       0xcd binaries/semdelete.o
                0x0000000000104e59                semdelete
 .text          0x0000000000104f26       0xcb binaries/semreset.o
                0x0000000000104f26                semreset
 .text          0x0000000000104ff1       0xe6 binaries/send.o
                0x0000000000104ff1                send
 .text          0x00000000001050d7       0xa8 binaries/signal.o
                0x00000000001050d7                signal
 .text          0x000000000010517f       0xd6 binaries/signaln.o
                0x000000000010517f                signaln
 .text          0x0000000000105255       0xea binaries/sleep.o
                0x0000000000105255                sleep
                0x00000000001052a3                sleepms
 .text          0x000000000010533f      0x18b binaries/stacktrace.o
                0x000000000010533f                stacktrace
 .text          0x00000000001054ca       0xe0 binaries/suspend.o
                0x00000000001054ca                suspend
 .text          0x00000000001055aa       0xe2 binaries/unsleep.o
                0x00000000001055aa                unsleep
 .text          0x000000000010568c       0x19 binaries/userret.o
                0x000000000010568c                userret
 .text          0x00000000001056a5      0x338 binaries/vcreate.o
                0x00000000001056a5                vcreate
 .text          0x00000000001059dd      0x444 binaries/vfree.o
                0x00000000001059dd                vfree
 .text          0x0000000000105e21      0x1ad binaries/virtual_mem.o
                0x0000000000105e21                map_xinu_area
 .text          0x0000000000105fce      0x382 binaries/vmalloc.o
                0x0000000000105fce                vmalloc
 .text          0x0000000000106350       0xdb binaries/wait.o
                0x0000000000106350                wait
 .text          0x000000000010642b       0x72 binaries/wakeup.o
                0x000000000010642b                wakeup
 .text          0x000000000010649d       0x7b binaries/write.o
                0x000000000010649d                write
 .text          0x0000000000106518       0x1d binaries/xdone.o
                0x0000000000106518                xdone
 .text          0x0000000000106535       0x28 binaries/yield.o
                0x0000000000106535                yield
 .text          0x000000000010655d       0x11 binaries/abs.o
                0x000000000010655d                abs
 .text          0x000000000010656e       0x8f binaries/atoi.o
                0x000000000010656e                atoi
 .text          0x00000000001065fd       0x8f binaries/atol.o
                0x00000000001065fd                atol
 .text          0x000000000010668c       0x31 binaries/bzero.o
                0x000000000010668c                bzero
 .text          0x00000000001066bd        0x0 binaries/ctype_.o
 .text          0x00000000001066bd      0x8ed binaries/doprnt.o
                0x00000000001066bd                _doprnt
 .text          0x0000000000106faa      0x65c binaries/doscan.o
                0x0000000000106faa                _doscan
 .text          0x0000000000107606      0x711 binaries/fdoprnt.o
                0x0000000000107606                _fdoprnt
 .text          0x0000000000107d17       0x29 binaries/fgetc.o
                0x0000000000107d17                fgetc
 .text          0x0000000000107d40       0x75 binaries/fgets.o
                0x0000000000107d40                fgets
 .text          0x0000000000107db5       0x2a binaries/fprintf.o
                0x0000000000107db5                fprintf
 .text          0x0000000000107ddf       0x2c binaries/fputc.o
                0x0000000000107ddf                fputc
 .text          0x0000000000107e0b       0x43 binaries/fputs.o
                0x0000000000107e0b                fputs
 .text          0x0000000000107e4e       0x8a binaries/fscanf.o
                0x0000000000107e4e                fscanf
 .text          0x0000000000107ed8       0x31 binaries/getchar.o
                0x0000000000107ed8                getchar
 .text          0x0000000000107f09       0x11 binaries/labs.o
                0x0000000000107f09                labs
 .text          0x0000000000107f1a        0x0 binaries/memchr.o
 .text          0x0000000000107f1a       0x51 binaries/memcmp.o
                0x0000000000107f1a                memcmp
 .text          0x0000000000107f6b       0x3f binaries/memcpy.o
                0x0000000000107f6b                memcpy
 .text          0x0000000000107faa       0x30 binaries/memset.o
                0x0000000000107faa                memset
 .text          0x0000000000107fda       0x47 binaries/printf.o
                0x0000000000107fda                printf
 .text          0x0000000000108021       0x34 binaries/putchar.o
                0x0000000000108021                putchar
 .text          0x0000000000108055      0x27e binaries/qsort.o
                0x0000000000108055                qsort
 .text          0x00000000001082d3       0x63 binaries/rand.o
                0x00000000001082d3                rand
                0x00000000001082eb                rand_r
                0x0000000000108329                srand
 .text          0x0000000000108336       0x66 binaries/sprintf.o
                0x0000000000108336                sprintf
 .text          0x000000000010839c       0x70 binaries/sscanf.o
                0x000000000010839c                sscanf
 .text          0x000000000010840c       0x3c binaries/strchr.o
                0x000000000010840c                strchr
 .text          0x0000000000108448       0x45 binaries/strcmp.o
                0x0000000000108448                strcmp
 .text          0x000000000010848d       0x27 binaries/strcpy.o
                0x000000000010848d                strcpy
 .text          0x00000000001084b4       0x26 binaries/strlen.o
                0x00000000001084b4                strlen
 .text          0x00000000001084da       0x56 binaries/strncat.o
                0x00000000001084da                strncat
 .text          0x0000000000108530       0x5f binaries/strncmp.o
                0x0000000000108530                strncmp
 .text          0x000000000010858f       0x4f binaries/strncpy.o
                0x000000000010858f                strncpy
 .text          0x00000000001085de       0x2e binaries/strnlen.o
                0x00000000001085de                strnlen
 .text          0x000000000010860c       0x45 binaries/strrchr.o
                0x000000000010860c                strrchr
 .text          0x0000000000108651       0x6d binaries/strstr.o
                0x0000000000108651                strstr
 .text          0x00000000001086be       0xe4 binaries/ttycontrol.o
                0x00000000001086be                ttycontrol
 .text          0x00000000001087a2       0x97 binaries/ttygetc.o
                0x00000000001087a2                ttygetc
 .text          0x0000000000108839      0x6ee binaries/ttyhandle_in.o
                0x0000000000108839                ttyhandle_in
 .text          0x0000000000108f27      0x1ae binaries/ttyhandle_out.o
                0x0000000000108f27                ttyhandle_out
 .text          0x00000000001090d5       0xce binaries/ttyhandler.o
                0x00000000001090d5                ttyhandler
 .text          0x00000000001091a3      0x22f binaries/ttyinit.o
                0x00000000001091a3                ttyinit
 .text          0x00000000001093d2       0x1b binaries/ttykickout.o
                0x00000000001093d2                ttykickout
 .text          0x00000000001093ed       0xb7 binaries/ttyputc.o
                0x00000000001093ed                ttyputc
 .text          0x00000000001094a4      0x11b binaries/ttyread.o
                0x00000000001094a4                ttyread
 .text          0x00000000001095bf       0x4f binaries/ttywrite.o
                0x00000000001095bf                ttywrite
 .text          0x000000000010960e      0x14b binaries/mount.o
                0x000000000010960e                mount
                0x0000000000109723                namlen
 .text          0x0000000000109759      0x1ea binaries/naminit.o
                0x0000000000109759                naminit
 .text          0x0000000000109943      0x211 binaries/nammap.o
                0x0000000000109943                nammap
                0x00000000001099ce                namrepl
                0x0000000000109b04                namcpy
 .text          0x0000000000109b54       0x4e binaries/namopen.o
                0x0000000000109b54                namopen
 .text          0x0000000000109ba2      0xec3 binaries/82545EMInit.o
                0x0000000000109c00                _82545EMInit
                0x000000000010a8d1                _82545EM_read_phy_reg
                0x000000000010a997                _82545EM_write_phy_reg
 .text          0x000000000010aa65      0x241 binaries/ethcontrol.o
                0x000000000010aac3                ethcontrol
                0x000000000010ac39                ethIrqDisable
                0x000000000010ac6e                ethIrqEnable
 .text          0x000000000010aca6      0x252 binaries/ethhandler.o
                0x000000000010ae16                ethhandler
 .text          0x000000000010aef8      0x126 binaries/ethinit.o
                0x000000000010aef8                ethinit
 .text          0x000000000010b01e      0x1f4 binaries/ethread.o
                0x000000000010b07c                ethread
 .text          0x000000000010b212      0x19f binaries/ethwrite.o
                0x000000000010b270                ethwrite
 .text          0x000000000010b3b1       0x9e binaries/rdsbufalloc.o
                0x000000000010b3b1                rdsbufalloc
 .text          0x000000000010b44f       0xcc binaries/rdsclose.o
                0x000000000010b44f                rdsclose
 .text          0x000000000010b51b      0x2e8 binaries/rdscomm.o
                0x000000000010b51b                rdscomm
 .text          0x000000000010b803      0x233 binaries/rdscontrol.o
                0x000000000010b803                rdscontrol
 .text          0x000000000010ba36      0x1f3 binaries/rdsinit.o
                0x000000000010ba36                rdsinit
 .text          0x000000000010bc29      0x19b binaries/rdsopen.o
                0x000000000010bc29                rdsopen
 .text          0x000000000010bdc4      0x461 binaries/rdsprocess.o
                0x000000000010bdc4                rdsprocess
 .text          0x000000000010c225      0x259 binaries/rdsread.o
                0x000000000010c225                rdsread
 .text          0x000000000010c47e      0x1fe binaries/rdswrite.o
                0x000000000010c47e                rdswrite
 .text          0x000000000010c67c        0xa binaries/ramclose.o
                0x000000000010c67c                ramclose
 .text          0x000000000010c686       0x3e binaries/raminit.o
                0x000000000010c686                raminit
 .text          0x000000000010c6c4        0xa binaries/ramopen.o
                0x000000000010c6c4                ramopen
 .text          0x000000000010c6ce       0x32 binaries/ramread.o
                0x000000000010c6ce                ramread
 .text          0x000000000010c700       0x32 binaries/ramwrite.o
                0x000000000010c700                ramwrite
 .text          0x000000000010c732       0x98 binaries/lfdballoc.o
                0x000000000010c732                lfdballoc
 .text          0x000000000010c7ca       0x58 binaries/lfdbfree.o
                0x000000000010c7ca                lfdbfree
 .text          0x000000000010c822       0xb6 binaries/lfflush.o
                0x000000000010c822                lfflush
 .text          0x000000000010c8d8       0xd8 binaries/lfgetmode.o
                0x000000000010c8d8                lfgetmode
 .text          0x000000000010c9b0       0x68 binaries/lfiballoc.o
                0x000000000010c9b0                lfiballoc
 .text          0x000000000010ca18       0x3b binaries/lfibclear.o
                0x000000000010ca18                lfibclear
 .text          0x000000000010ca53       0xad binaries/lfibget.o
                0x000000000010ca53                lfibget
 .text          0x000000000010cb00       0xdc binaries/lfibput.o
                0x000000000010cb00                lfibput
 .text          0x000000000010cbdc       0xa2 binaries/lflclose.o
                0x000000000010cbdc                lflclose
 .text          0x000000000010cc7e       0xd0 binaries/lflcontrol.o
                0x000000000010cc7e                lflcontrol
 .text          0x000000000010cd4e       0xf2 binaries/lflgetc.o
                0x000000000010cd4e                lflgetc
 .text          0x000000000010ce40       0xf1 binaries/lflinit.o
                0x000000000010ce40                lflinit
 .text          0x000000000010cf31      0x122 binaries/lflputc.o
                0x000000000010cf31                lflputc
 .text          0x000000000010d053       0x70 binaries/lflread.o
                0x000000000010d053                lflread
 .text          0x000000000010d0c3       0xac binaries/lflseek.o
                0x000000000010d0c3                lflseek
 .text          0x000000000010d16f       0x55 binaries/lflwrite.o
                0x000000000010d16f                lflwrite
 .text          0x000000000010d1c4       0x62 binaries/lfscheck.o
                0x000000000010d1c4                lfscheck
 .text          0x000000000010d226      0x175 binaries/lfsckfmt.o
                0x000000000010d226                lfsckfmt
 .text          0x000000000010d39b      0x1ad binaries/lfscreate.o
                0x000000000010d39b                lfscreate
 .text          0x000000000010d548      0x278 binaries/lfsetup.o
                0x000000000010d548                lfsetup
 .text          0x000000000010d7c0       0x51 binaries/lfsinit.o
                0x000000000010d7c0                lfsinit
 .text          0x000000000010d811      0x3c0 binaries/lfsopen.o
                0x000000000010d811                lfsopen
 .text          0x000000000010dbd1      0x15e binaries/lftruncate.o
                0x000000000010dbd1                lftruncate
 .text          0x000000000010dd2f       0x71 binaries/rflclose.o
                0x000000000010dd2f                rflclose
 .text          0x000000000010dda0       0x32 binaries/rflgetc.o
                0x000000000010dda0                rflgetc
 .text          0x000000000010ddd2       0x76 binaries/rflinit.o
                0x000000000010ddd2                rflinit
 .text          0x000000000010de48       0x33 binaries/rflputc.o
                0x000000000010de48                rflputc
 .text          0x000000000010de7b      0x360 binaries/rflread.o
                0x000000000010de7b                rflread
 .text          0x000000000010e1db       0x74 binaries/rflseek.o
                0x000000000010e1db                rflseek
 .text          0x000000000010e24f      0x34d binaries/rflwrite.o
                0x000000000010e24f                rflwrite
 .text          0x000000000010e59c      0x1e2 binaries/rfscomm.o
                0x000000000010e59c                rfscomm
 .text          0x000000000010e77e      0x26d binaries/rfscontrol.o
                0x000000000010e77e                rfscontrol
 .text          0x000000000010e9eb       0xd8 binaries/rfsgetmode.o
                0x000000000010e9eb                rfsgetmode
 .text          0x000000000010eac3       0x86 binaries/rfsinit.o
                0x000000000010eac3                rfsinit
 .text          0x000000000010eb49      0x111 binaries/rfsndmsg.o
                0x000000000010eb49                rfsndmsg
 .text          0x000000000010ec5a      0x2aa binaries/rfsopen.o
                0x000000000010ec5a                rfsopen
 .text          0x000000000010ef04      0x836 binaries/arp.o
                0x000000000010ef04                arp_init
                0x000000000010ef36                arp_resolve
                0x000000000010f1ea                arp_in
                0x000000000010f4a2                arp_alloc
                0x000000000010f562                arp_ntoh
                0x000000000010f64e                arp_hton
 .text          0x000000000010f73a      0x8e3 binaries/dhcp.o
                0x000000000010f73a                dhcp_get_opt_val
                0x000000000010f793                dhcp_bld_bootp_msg
                0x000000000010f8a0                dhcp_bld_disc
                0x000000000010f989                dhcp_bld_req
                0x000000000010fafb                getlocalip
 .text          0x000000000011001d      0x59f binaries/dns.o
                0x000000000011001d                dnslookup
 .text          0x00000000001105bc       0xe8 binaries/dot2ip.o
                0x00000000001105bc                dot2ip
 .text          0x00000000001106a4      0x4c4 binaries/hexdump.o
                0x00000000001106a4                hexdump
                0x000000000011084b                hexadump
 .text          0x0000000000110b68      0x8af binaries/icmp.o
                0x0000000000110b68                icmp_init
                0x0000000000110b9f                icmp_in
                0x0000000000110d75                icmp_register
                0x0000000000110e70                icmp_recv
                0x0000000000110ffc                icmp_send
                0x0000000000111084                icmp_mkpkt
                0x000000000011119e                icmp_release
                0x000000000011129c                icmp_cksum
                0x000000000011132f                icmp_hton
                0x00000000001113a3                icmp_ntoh
 .text          0x0000000000111417      0x8a5 binaries/ip.o
                0x0000000000111417                ip_in
                0x000000000011159b                ip_send
                0x00000000001116f6                ip_local
                0x0000000000111742                ip_out
                0x000000000011187b                ipcksum
                0x0000000000111901                ip_ntoh
                0x00000000001119ed                ip_hton
                0x0000000000111ad9                ipout
                0x0000000000111c08                ip_enqueue
 .text          0x0000000000111cbc      0x2cd binaries/net.o
                0x0000000000111cbc                net_init
                0x0000000000111de4                netin
                0x0000000000111ea1                eth_hton
                0x0000000000111ecb                eth_ntoh
                0x0000000000111ef5                getport
 .text          0x0000000000111f89     0x147f binaries/pdump.o
                0x0000000000111f89                pdump
                0x0000000000112d46                pdumph
 .text          0x0000000000113408      0x613 binaries/tftp.o
                0x0000000000113408                tftp_send1
                0x0000000000113580                tftpget
                0x00000000001135b2                tftpget_mb
 .text          0x0000000000113a1b      0xb82 binaries/udp.o
                0x0000000000113a1b                udp_init
                0x0000000000113a50                udp_in
                0x0000000000113b92                udp_register
                0x0000000000113ccf                udp_recv
                0x0000000000113e6b                udp_recvaddr
                0x000000000011401f                udp_send
                0x0000000000114207                udp_sendto
                0x00000000001143b8                udp_release
                0x00000000001144b3                udp_ntoh
                0x0000000000114528                udp_hton
 .text          0x000000000011459d      0x138 binaries/addargs.o
                0x000000000011459d                addargs
 .text          0x00000000001146d5      0x2c9 binaries/lexan.o
                0x00000000001146d5                lexan
 .text          0x000000000011499e      0x663 binaries/shell.o
                0x000000000011499e                shell
 .text          0x0000000000115001       0x69 binaries/xsh_argecho.o
                0x0000000000115001                xsh_argecho
 .text          0x000000000011506a      0x275 binaries/xsh_arp.o
                0x000000000011506a                xsh_arp
 .text          0x00000000001152df      0x26f binaries/xsh_cat.o
                0x00000000001152df                xsh_cat
 .text          0x000000000011554e       0x5e binaries/xsh_clear.o
                0x000000000011554e                xsh_clear
 .text          0x00000000001155ac      0x2f7 binaries/xsh_date.o
                0x00000000001155ac                xsh_date
 .text          0x00000000001158a3       0xae binaries/xsh_devdump.o
                0x00000000001158a3                xsh_devdump
 .text          0x0000000000115951       0x72 binaries/xsh_echo.o
                0x0000000000115951                xsh_echo
 .text          0x00000000001159c3        0xa binaries/xsh_exit.o
                0x00000000001159c3                xsh_exit
 .text          0x00000000001159cd      0x389 binaries/xsh_help.o
                0x00000000001159cd                xsh_help
 .text          0x0000000000115d56      0x249 binaries/xsh_kill.o
                0x0000000000115d56                xsh_kill
 .text          0x0000000000115f9f      0x545 binaries/xsh_memdump.o
                0x0000000000115f9f                xsh_memdump
 .text          0x00000000001164e4      0x2a7 binaries/xsh_memstat.o
                0x00000000001164e4                xsh_memstat
 .text          0x000000000011678b      0x50d binaries/xsh_netinfo.o
                0x000000000011678b                xsh_netinfo
 .text          0x0000000000116c98      0x48f binaries/xsh_ping.o
                0x0000000000116c98                xsh_ping
 .text          0x0000000000117127      0x220 binaries/xsh_ps.o
                0x0000000000117127                xsh_ps
 .text          0x0000000000117347      0x225 binaries/xsh_sleep.o
                0x0000000000117347                xsh_sleep
 .text          0x000000000011756c      0x27a binaries/xsh_udpdump.o
                0x000000000011756c                xsh_udpdump
 .text          0x00000000001177e6      0x4bf binaries/xsh_udpecho.o
                0x00000000001177e6                xsh_udpecho
 .text          0x0000000000117ca5      0x2b0 binaries/xsh_udpserver.o
                0x0000000000117ca5                xsh_udpeserver
 .text          0x0000000000117f55      0x1f3 binaries/xsh_uptime.o
                0x0000000000117f55                xsh_uptime
 .text          0x0000000000118148        0xe binaries/clkdisp.o
                0x0000000000118148                clkdisp
 .text          0x0000000000118156       0x1f binaries/ctxsw.o
                0x0000000000118156                ctxsw
 .text          0x0000000000118175      0x36b binaries/intr.o
                0x0000000000118175                disable
                0x000000000011817e                restore
                0x000000000011818c                enable
                0x000000000011818e                pause
                0x0000000000118195                halt
                0x000000000011819b                spurious_irq7
                0x00000000001181a0                spurious_irq15
                0x00000000001181af                _Xint0
                0x00000000001181ba                _Xint1
                0x00000000001181c5                _Xint2
                0x00000000001181d0                _Xint3
                0x00000000001181db                _Xint4
                0x00000000001181e6                _Xint5
                0x00000000001181f1                _Xint6
                0x00000000001181fc                _Xint7
                0x0000000000118207                _Xint8
                0x0000000000118212                _Xint9
                0x000000000011821d                _Xint10
                0x0000000000118228                _Xint11
                0x0000000000118236                _Xint12
                0x0000000000118244                _Xint13
                0x0000000000118252                _Xint14
                0x0000000000118260                _Xint15
                0x000000000011826e                _Xint16
                0x000000000011827c                _Xint17
                0x000000000011828a                _Xint18
                0x0000000000118298                _Xint19
                0x00000000001182a6                _Xint20
                0x00000000001182b4                _Xint21
                0x00000000001182c2                _Xint22
                0x00000000001182d0                _Xint23
                0x00000000001182de                _Xint24
                0x00000000001182ec                _Xint25
                0x00000000001182fa                _Xint26
                0x0000000000118308                _Xint27
                0x0000000000118316                _Xint28
                0x0000000000118324                _Xint29
                0x0000000000118332                _Xint30
                0x0000000000118340                _Xint31
                0x000000000011834e                _Xint32
                0x000000000011835c                _Xint33
                0x000000000011836a                _Xint34
                0x0000000000118378                _Xint35
                0x0000000000118386                _Xint36
                0x0000000000118394                _Xint37
                0x00000000001183a2                _Xint38
                0x00000000001183b0                _Xint39
                0x00000000001183be                _Xint40
                0x00000000001183cc                _Xint41
                0x00000000001183da                _Xint42
                0x00000000001183e8                _Xint43
                0x00000000001183f6                _Xint44
                0x0000000000118404                _Xint45
                0x0000000000118412                _Xint46
                0x0000000000118420                defevec
 .text          0x00000000001184e0        0xd binaries/pagefault_handler_disp.o
                0x00000000001184e0                pagefault_handler_disp
 .text          0x00000000001184ed        0xf binaries/ttydispatch.o
                0x00000000001184ed                ttydispatch
 .text          0x00000000001184fc       0x13 binaries/ethdispatch.o
                0x00000000001184fc                ethdispatch
 *(.rodata .rodata.*)
 *fill*         0x000000000011850f        0x1 
 .rodata        0x0000000000118510       0x8e binaries/ascdate.o
 .rodata        0x000000000011859e       0xae binaries/conf.o
 .rodata        0x000000000011864c      0x22f binaries/evec.o
 *fill*         0x000000000011887b        0x1 
 .rodata        0x000000000011887c       0x61 binaries/getutime.o
 *fill*         0x00000000001188dd        0x3 
 .rodata        0x00000000001188e0       0x90 binaries/i386.o
 .rodata        0x0000000000118970      0x181 binaries/initialize.o
 *fill*         0x0000000000118af1        0x3 
 .rodata        0x0000000000118af4       0x20 binaries/kill.o
 .rodata        0x0000000000118b14      0x57b binaries/main.o
 .rodata        0x000000000011908f       0x29 binaries/p4_debug_functions.o
 .rodata        0x00000000001190b8       0x1b binaries/page_fault_handler.o
 .rodata        0x00000000001190d3        0xf binaries/panic.o
 *fill*         0x00000000001190e2        0x2 
 .rodata        0x00000000001190e4      0x1ec binaries/pci.o
 .rodata        0x00000000001192d0       0x1d binaries/ptinit.o
 *fill*         0x00000000001192ed        0x3 
 .rodata        0x00000000001192f0       0x25 binaries/ptsend.o
 *fill*         0x0000000000119315        0x3 
 .rodata        0x0000000000119318       0xb7 binaries/stacktrace.o
 .rodata        0x00000000001193cf        0xc binaries/vmalloc.o
 *fill*         0x00000000001193db        0x1 
 .rodata        0x00000000001193dc       0x27 binaries/xdone.o
 *fill*         0x0000000000119403       0x1d 
 .rodata        0x0000000000119420       0x81 binaries/ctype_.o
                0x0000000000119420                _ctype_
 *fill*         0x00000000001194a1        0x3 
 .rodata        0x00000000001194a4       0xee binaries/doprnt.o
 *fill*         0x0000000000119592        0x2 
 .rodata        0x0000000000119594       0x98 binaries/doscan.o
 .rodata        0x000000000011962c       0xae binaries/fdoprnt.o
 *fill*         0x00000000001196da        0x2 
 .rodata        0x00000000001196dc       0x20 binaries/ttycontrol.o
 .rodata        0x00000000001196fc       0x34 binaries/ttyhandler.o
 .rodata        0x0000000000119730       0x80 binaries/naminit.o
 .rodata        0x00000000001197b0       0x2e binaries/82545EMInit.o
 *fill*         0x00000000001197de        0x2 
 .rodata        0x00000000001197e0       0x78 binaries/ethinit.o
 .rodata        0x0000000000119858       0x18 binaries/ethread.o
 .rodata        0x0000000000119870       0x2c binaries/rdsbufalloc.o
 .rodata        0x000000000011989c       0x76 binaries/rdscomm.o
 *fill*         0x0000000000119912        0x2 
 .rodata        0x0000000000119914       0x48 binaries/rdscontrol.o
 .rodata        0x000000000011995c       0x96 binaries/rdsinit.o
 *fill*         0x00000000001199f2        0x2 
 .rodata        0x00000000001199f4       0x22 binaries/rdsopen.o
 *fill*         0x0000000000119a16        0x2 
 .rodata        0x0000000000119a18       0x4d binaries/rdsprocess.o
 .rodata        0x0000000000119a65        0x9 binaries/raminit.o
 *fill*         0x0000000000119a6e        0x2 
 .rodata        0x0000000000119a70       0x37 binaries/lfdballoc.o
 .rodata        0x0000000000119aa7       0x14 binaries/lfiballoc.o
 *fill*         0x0000000000119abb        0x1 
 .rodata        0x0000000000119abc       0x23 binaries/lflcontrol.o
 *fill*         0x0000000000119adf        0x1 
 .rodata        0x0000000000119ae0      0x11b binaries/lfsckfmt.o
 *fill*         0x0000000000119bfb        0x1 
 .rodata        0x0000000000119bfc       0x2a binaries/lfsopen.o
 *fill*         0x0000000000119c26        0x2 
 .rodata        0x0000000000119c28       0x21 binaries/rflread.o
 *fill*         0x0000000000119c49        0x3 
 .rodata        0x0000000000119c4c       0x21 binaries/rflwrite.o
 *fill*         0x0000000000119c6d        0x3 
 .rodata        0x0000000000119c70       0x75 binaries/rfscomm.o
 *fill*         0x0000000000119ce5        0x3 
 .rodata        0x0000000000119ce8       0x3c binaries/rfscontrol.o
 .rodata        0x0000000000119d24       0x63 binaries/rfsinit.o
 *fill*         0x0000000000119d87        0x1 
 .rodata        0x0000000000119d88       0x2a binaries/rfsndmsg.o
 *fill*         0x0000000000119db2        0x2 
 .rodata        0x0000000000119db4       0x22 binaries/rfsopen.o
 *fill*         0x0000000000119dd6        0x2 
 .rodata        0x0000000000119dd8       0x3a binaries/arp.o
 *fill*         0x0000000000119e12        0x2 
 .rodata        0x0000000000119e14       0xcf binaries/dhcp.o
 .rodata        0x0000000000119ee3       0x1a binaries/dns.o
 *fill*         0x0000000000119efd        0x3 
 .rodata        0x0000000000119f00       0xc9 binaries/hexdump.o
 *fill*         0x0000000000119fc9        0x3 
 .rodata        0x0000000000119fcc       0x29 binaries/icmp.o
 *fill*         0x0000000000119ff5        0x3 
 .rodata        0x0000000000119ff8       0x6e binaries/ip.o
 *fill*         0x000000000011a066        0x2 
 .rodata        0x000000000011a068       0x4f binaries/net.o
 *fill*         0x000000000011a0b7        0x1 
 .rodata        0x000000000011a0b8      0x26f binaries/pdump.o
 *fill*         0x000000000011a327        0x1 
 .rodata        0x000000000011a328      0x154 binaries/tftp.o
 *fill*         0x000000000011a47c        0x4 
 .rodata        0x000000000011a480      0x3c1 binaries/shell.o
                0x000000000011a500                cmdtab
 .rodata        0x000000000011a841       0x28 binaries/xsh_argecho.o
 *fill*         0x000000000011a869        0x3 
 .rodata        0x000000000011a86c      0x123 binaries/xsh_arp.o
 *fill*         0x000000000011a98f        0x1 
 .rodata        0x000000000011a990       0xc9 binaries/xsh_cat.o
 .rodata        0x000000000011aa59       0x19 binaries/xsh_clear.o
 *fill*         0x000000000011aa72        0x2 
 .rodata        0x000000000011aa74      0x1c3 binaries/xsh_date.o
 .rodata        0x000000000011ac37       0x5d binaries/xsh_devdump.o
 .rodata        0x000000000011ac94        0x9 binaries/xsh_echo.o
 *fill*         0x000000000011ac9d        0x3 
 .rodata        0x000000000011aca0      0x169 binaries/xsh_help.o
 *fill*         0x000000000011ae09        0x3 
 .rodata        0x000000000011ae0c      0x12e binaries/xsh_kill.o
 *fill*         0x000000000011af3a        0x2 
 .rodata        0x000000000011af3c      0x266 binaries/xsh_memdump.o
 *fill*         0x000000000011b1a2        0x2 
 .rodata        0x000000000011b1a4      0x225 binaries/xsh_memstat.o
 *fill*         0x000000000011b3c9        0x3 
 .rodata        0x000000000011b3cc      0x1b0 binaries/xsh_netinfo.o
 .rodata        0x000000000011b57c      0x1a1 binaries/xsh_ping.o
 *fill*         0x000000000011b71d        0x3 
 .rodata        0x000000000011b720      0x1e0 binaries/xsh_ps.o
 .rodata        0x000000000011b900       0xeb binaries/xsh_sleep.o
 *fill*         0x000000000011b9eb        0x1 
 .rodata        0x000000000011b9ec      0x1b8 binaries/xsh_udpdump.o
 .rodata        0x000000000011bba4      0x215 binaries/xsh_udpecho.o
 *fill*         0x000000000011bdb9        0x3 
 .rodata        0x000000000011bdbc      0x12b binaries/xsh_udpserver.o
 *fill*         0x000000000011bee7        0x1 
 .rodata        0x000000000011bee8      0x105 binaries/xsh_uptime.o
                0x000000000011bfed                etext = ABSOLUTE (.)
                0x000000000011c000                . = ALIGN (0x1000)
 *fill*         0x000000000011bfed       0x13 

.eh_frame       0x000000000011c000     0x2f60
 .eh_frame      0x000000000011c000       0x38 binaries/ascdate.o
 .eh_frame      0x000000000011c038       0x20 binaries/bufinit.o
                                         0x38 (size before relaxing)
 .eh_frame      0x000000000011c058       0x20 binaries/chprio.o
                                         0x38 (size before relaxing)
 .eh_frame      0x000000000011c078       0x20 binaries/clkhandler.o
                                         0x38 (size before relaxing)
 .eh_frame      0x000000000011c098       0x20 binaries/clkinit.o
                                         0x38 (size before relaxing)
 .eh_frame      0x000000000011c0b8       0x20 binaries/close.o
                                         0x38 (size before relaxing)
 .eh_frame      0x000000000011c0d8       0x20 binaries/control.o
                                         0x38 (size before relaxing)
 .eh_frame      0x000000000011c0f8      0x100 binaries/control_reg.o
                                        0x118 (size before relaxing)
 .eh_frame      0x000000000011c1f8       0x40 binaries/create.o
                                         0x58 (size before relaxing)
 .eh_frame      0x000000000011c238       0x60 binaries/evec.o
                                         0x78 (size before relaxing)
 .eh_frame      0x000000000011c298       0x20 binaries/exit.o
                                         0x38 (size before relaxing)
 .eh_frame      0x000000000011c2b8       0x20 binaries/freebuf.o
                                         0x38 (size before relaxing)
 .eh_frame      0x000000000011c2d8       0x20 binaries/freemem.o
                                         0x38 (size before relaxing)
 .eh_frame      0x000000000011c2f8       0x20 binaries/freevirtualmem.o
                                         0x38 (size before relaxing)
 .eh_frame      0x000000000011c318       0x20 binaries/getbuf.o
                                         0x38 (size before relaxing)
 .eh_frame      0x000000000011c338       0x20 binaries/getc.o
                                         0x38 (size before relaxing)
 .eh_frame      0x000000000011c358       0x20 binaries/getdev.o
                                         0x38 (size before relaxing)
 .eh_frame      0x000000000011c378       0x60 binaries/getitem.o
                                         0x78 (size before relaxing)
 .eh_frame      0x000000000011c3d8       0x40 binaries/getmem.o
                                         0x58 (size before relaxing)
 .eh_frame      0x000000000011c418       0x20 binaries/getpid.o
                                         0x38 (size before relaxing)
 .eh_frame      0x000000000011c438       0x20 binaries/getprio.o
                                         0x38 (size before relaxing)
 .eh_frame      0x000000000011c458       0x20 binaries/getstk.o
                                         0x38 (size before relaxing)
 .eh_frame      0x000000000011c478       0x20 binaries/getticks.o
                                         0x38 (size before relaxing)
 .eh_frame      0x000000000011c498       0x20 binaries/gettime.o
                                         0x38 (size before relaxing)
 .eh_frame      0x000000000011c4b8       0x20 binaries/getutime.o
                                         0x38 (size before relaxing)
 .eh_frame      0x000000000011c4d8       0x8c binaries/i386.o
                                         0xa4 (size before relaxing)
 .eh_frame      0x000000000011c564       0x20 binaries/init.o
                                         0x38 (size before relaxing)
 .eh_frame      0x000000000011c584       0xa0 binaries/initialize.o
                                         0xb8 (size before relaxing)
 .eh_frame      0x000000000011c624       0x20 binaries/insert.o
                                         0x38 (size before relaxing)
 .eh_frame      0x000000000011c644       0x20 binaries/insertd.o
                                         0x38 (size before relaxing)
 .eh_frame      0x000000000011c664       0x20 binaries/ioerr.o
                                         0x38 (size before relaxing)
 .eh_frame      0x000000000011c684       0x20 binaries/ionull.o
                                         0x38 (size before relaxing)
 .eh_frame      0x000000000011c6a4       0x20 binaries/kill.o
                                         0x38 (size before relaxing)
 .eh_frame      0x000000000011c6c4       0x60 binaries/kprintf.o
                                         0x78 (size before relaxing)
 .eh_frame      0x000000000011c724       0xdc binaries/main.o
                                         0xf4 (size before relaxing)
 .eh_frame      0x000000000011c800       0x40 binaries/mark.o
                                         0x58 (size before relaxing)
 .eh_frame      0x000000000011c840       0x40 binaries/meminit.o
                                         0x58 (size before relaxing)
 .eh_frame      0x000000000011c880       0x20 binaries/mkbufpool.o
                                         0x38 (size before relaxing)
 .eh_frame      0x000000000011c8a0       0x20 binaries/newqueue.o
                                         0x38 (size before relaxing)
 .eh_frame      0x000000000011c8c0       0x20 binaries/open.o
                                         0x38 (size before relaxing)
 .eh_frame      0x000000000011c8e0       0x80 binaries/p4_debug_functions.o
                                         0x98 (size before relaxing)
 .eh_frame      0x000000000011c960       0x20 binaries/page_fault_handler.o
                                         0x38 (size before relaxing)
 .eh_frame      0x000000000011c980       0x1c binaries/panic.o
                                         0x34 (size before relaxing)
 .eh_frame      0x000000000011c99c      0x1c8 binaries/pci.o
                                        0x1e0 (size before relaxing)
 .eh_frame      0x000000000011cb64       0x20 binaries/ptclear.o
                                         0x38 (size before relaxing)
 .eh_frame      0x000000000011cb84       0x20 binaries/ptcount.o
                                         0x38 (size before relaxing)
 .eh_frame      0x000000000011cba4       0x20 binaries/ptcreate.o
                                         0x38 (size before relaxing)
 .eh_frame      0x000000000011cbc4       0x20 binaries/ptdelete.o
                                         0x38 (size before relaxing)
 .eh_frame      0x000000000011cbe4       0x20 binaries/ptinit.o
                                         0x38 (size before relaxing)
 .eh_frame      0x000000000011cc04       0x20 binaries/ptrecv.o
                                         0x38 (size before relaxing)
 .eh_frame      0x000000000011cc24       0x20 binaries/ptreset.o
                                         0x38 (size before relaxing)
 .eh_frame      0x000000000011cc44       0x20 binaries/ptsend.o
                                         0x38 (size before relaxing)
 .eh_frame      0x000000000011cc64       0x20 binaries/putc.o
                                         0x38 (size before relaxing)
 .eh_frame      0x000000000011cc84       0x40 binaries/queue.o
                                         0x58 (size before relaxing)
 .eh_frame      0x000000000011ccc4       0x20 binaries/read.o
                                         0x38 (size before relaxing)
 .eh_frame      0x000000000011cce4       0x24 binaries/ready.o
                                         0x3c (size before relaxing)
 .eh_frame      0x000000000011cd08       0x20 binaries/receive.o
                                         0x38 (size before relaxing)
 .eh_frame      0x000000000011cd28       0x20 binaries/recvclr.o
                                         0x38 (size before relaxing)
 .eh_frame      0x000000000011cd48       0x20 binaries/recvtime.o
                                         0x38 (size before relaxing)
 .eh_frame      0x000000000011cd68       0x40 binaries/resched.o
                                         0x58 (size before relaxing)
 .eh_frame      0x000000000011cda8       0x20 binaries/resume.o
                                         0x38 (size before relaxing)
 .eh_frame      0x000000000011cdc8       0x20 binaries/seek.o
                                         0x38 (size before relaxing)
 .eh_frame      0x000000000011cde8       0x20 binaries/semcount.o
                                         0x38 (size before relaxing)
 .eh_frame      0x000000000011ce08       0x40 binaries/semcreate.o
                                         0x58 (size before relaxing)
 .eh_frame      0x000000000011ce48       0x20 binaries/semdelete.o
                                         0x38 (size before relaxing)
 .eh_frame      0x000000000011ce68       0x20 binaries/semreset.o
                                         0x38 (size before relaxing)
 .eh_frame      0x000000000011ce88       0x20 binaries/send.o
                                         0x38 (size before relaxing)
 .eh_frame      0x000000000011cea8       0x20 binaries/signal.o
                                         0x38 (size before relaxing)
 .eh_frame      0x000000000011cec8       0x20 binaries/signaln.o
                                         0x38 (size before relaxing)
 .eh_frame      0x000000000011cee8       0x40 binaries/sleep.o
                                         0x58 (size before relaxing)
 .eh_frame      0x000000000011cf28       0x20 binaries/stacktrace.o
                                         0x38 (size before relaxing)
 .eh_frame      0x000000000011cf48       0x20 binaries/suspend.o
                                         0x38 (size before relaxing)
 .eh_frame      0x000000000011cf68       0x20 binaries/unsleep.o
                                         0x38 (size before relaxing)
 .eh_frame      0x000000000011cf88       0x20 binaries/userret.o
                                         0x38 (size before relaxing)
 .eh_frame      0x000000000011cfa8       0x20 binaries/vcreate.o
                                         0x38 (size before relaxing)
 .eh_frame      0x000000000011cfc8       0x20 binaries/vfree.o
                                         0x38 (size before relaxing)
 .eh_frame      0x000000000011cfe8       0x20 binaries/virtual_mem.o
                                         0x38 (size before relaxing)
 .eh_frame      0x000000000011d008       0x20 binaries/vmalloc.o
                                         0x38 (size before relaxing)
 .eh_frame      0x000000000011d028       0x20 binaries/wait.o
                                         0x38 (size before relaxing)
 .eh_frame      0x000000000011d048       0x20 binaries/wakeup.o
                                         0x38 (size before relaxing)
 .eh_frame      0x000000000011d068       0x20 binaries/write.o
                                         0x38 (size before relaxing)
 .eh_frame      0x000000000011d088       0x20 binaries/xdone.o
                                         0x38 (size before relaxing)
 .eh_frame      0x000000000011d0a8       0x20 binaries/yield.o
                                         0x38 (size before relaxing)
 .eh_frame      0x000000000011d0c8       0x20 binaries/abs.o
                                         0x38 (size before relaxing)
 .eh_frame      0x000000000011d0e8       0x20 binaries/atoi.o
                                         0x38 (size before relaxing)
 .eh_frame      0x000000000011d108       0x20 binaries/atol.o
                                         0x38 (size before relaxing)
 .eh_frame      0x000000000011d128       0x20 binaries/bzero.o
                                         0x38 (size before relaxing)
 .eh_frame      0x000000000011d148       0xe0 binaries/doprnt.o
                                         0xf8 (size before relaxing)
 .eh_frame      0x000000000011d228       0xb0 binaries/doscan.o
                                         0xc8 (size before relaxing)
 .eh_frame      0x000000000011d2d8       0xc0 binaries/fdoprnt.o
                                         0xd8 (size before relaxing)
 .eh_frame      0x000000000011d398       0x20 binaries/fgetc.o
                                         0x38 (size before relaxing)
 .eh_frame      0x000000000011d3b8       0x20 binaries/fgets.o
                                         0x38 (size before relaxing)
 .eh_frame      0x000000000011d3d8       0x20 binaries/fprintf.o
                                         0x38 (size before relaxing)
 .eh_frame      0x000000000011d3f8       0x20 binaries/fputc.o
                                         0x38 (size before relaxing)
 .eh_frame      0x000000000011d418       0x20 binaries/fputs.o
                                         0x38 (size before relaxing)
 .eh_frame      0x000000000011d438       0x60 binaries/fscanf.o
                                         0x78 (size before relaxing)
 .eh_frame      0x000000000011d498       0x20 binaries/getchar.o
                                         0x38 (size before relaxing)
 .eh_frame      0x000000000011d4b8       0x20 binaries/labs.o
                                         0x38 (size before relaxing)
 .eh_frame      0x000000000011d4d8       0x20 binaries/memcmp.o
                                         0x38 (size before relaxing)
 .eh_frame      0x000000000011d4f8       0x24 binaries/memcpy.o
                                         0x3c (size before relaxing)
 .eh_frame      0x000000000011d51c       0x24 binaries/memset.o
                                         0x3c (size before relaxing)
 .eh_frame      0x000000000011d540       0x20 binaries/printf.o
                                         0x38 (size before relaxing)
 .eh_frame      0x000000000011d560       0x20 binaries/putchar.o
                                         0x38 (size before relaxing)
 .eh_frame      0x000000000011d580       0xa8 binaries/qsort.o
                                         0xc0 (size before relaxing)
 .eh_frame      0x000000000011d628       0x60 binaries/rand.o
                                         0x78 (size before relaxing)
 .eh_frame      0x000000000011d688       0x40 binaries/sprintf.o
                                         0x58 (size before relaxing)
 .eh_frame      0x000000000011d6c8       0x60 binaries/sscanf.o
                                         0x78 (size before relaxing)
 .eh_frame      0x000000000011d728       0x20 binaries/strchr.o
                                         0x38 (size before relaxing)
 .eh_frame      0x000000000011d748       0x20 binaries/strcmp.o
                                         0x38 (size before relaxing)
 .eh_frame      0x000000000011d768       0x20 binaries/strcpy.o
                                         0x38 (size before relaxing)
 .eh_frame      0x000000000011d788       0x20 binaries/strlen.o
                                         0x38 (size before relaxing)
 .eh_frame      0x000000000011d7a8       0x20 binaries/strncat.o
                                         0x38 (size before relaxing)
 .eh_frame      0x000000000011d7c8       0x20 binaries/strncmp.o
                                         0x38 (size before relaxing)
 .eh_frame      0x000000000011d7e8       0x28 binaries/strncpy.o
                                         0x40 (size before relaxing)
 .eh_frame      0x000000000011d810       0x20 binaries/strnlen.o
                                         0x38 (size before relaxing)
 .eh_frame      0x000000000011d830       0x20 binaries/strrchr.o
                                         0x38 (size before relaxing)
 .eh_frame      0x000000000011d850       0x20 binaries/strstr.o
                                         0x38 (size before relaxing)
 .eh_frame      0x000000000011d870       0x20 binaries/ttycontrol.o
                                         0x38 (size before relaxing)
 .eh_frame      0x000000000011d890       0x20 binaries/ttygetc.o
                                         0x38 (size before relaxing)
 .eh_frame      0x000000000011d8b0       0x80 binaries/ttyhandle_in.o
                                         0x98 (size before relaxing)
 .eh_frame      0x000000000011d930       0x20 binaries/ttyhandle_out.o
                                         0x38 (size before relaxing)
 .eh_frame      0x000000000011d950       0x20 binaries/ttyhandler.o
                                         0x38 (size before relaxing)
 .eh_frame      0x000000000011d970       0x20 binaries/ttyinit.o
                                         0x38 (size before relaxing)
 .eh_frame      0x000000000011d990       0x20 binaries/ttykickout.o
                                         0x38 (size before relaxing)
 .eh_frame      0x000000000011d9b0       0x20 binaries/ttyputc.o
                                         0x38 (size before relaxing)
 .eh_frame      0x000000000011d9d0       0x24 binaries/ttyread.o
                                         0x3c (size before relaxing)
 .eh_frame      0x000000000011d9f4       0x20 binaries/ttywrite.o
                                         0x38 (size before relaxing)
 .eh_frame      0x000000000011da14       0x40 binaries/mount.o
                                         0x58 (size before relaxing)
 .eh_frame      0x000000000011da54       0x20 binaries/naminit.o
                                         0x38 (size before relaxing)
 .eh_frame      0x000000000011da74       0x60 binaries/nammap.o
                                         0x78 (size before relaxing)
 .eh_frame      0x000000000011dad4       0x20 binaries/namopen.o
                                         0x38 (size before relaxing)
 .eh_frame      0x000000000011daf4      0x150 binaries/82545EMInit.o
                                        0x168 (size before relaxing)
 .eh_frame      0x000000000011dc44       0xa0 binaries/ethcontrol.o
                                         0xb8 (size before relaxing)
 .eh_frame      0x000000000011dce4       0x80 binaries/ethhandler.o
                                         0x98 (size before relaxing)
 .eh_frame      0x000000000011dd64       0x20 binaries/ethinit.o
                                         0x38 (size before relaxing)
 .eh_frame      0x000000000011dd84       0x60 binaries/ethread.o
                                         0x78 (size before relaxing)
 .eh_frame      0x000000000011dde4       0x60 binaries/ethwrite.o
                                         0x78 (size before relaxing)
 .eh_frame      0x000000000011de44       0x20 binaries/rdsbufalloc.o
                                         0x38 (size before relaxing)
 .eh_frame      0x000000000011de64       0x20 binaries/rdsclose.o
                                         0x38 (size before relaxing)
 .eh_frame      0x000000000011de84       0x20 binaries/rdscomm.o
                                         0x38 (size before relaxing)
 .eh_frame      0x000000000011dea4       0x20 binaries/rdscontrol.o
                                         0x38 (size before relaxing)
 .eh_frame      0x000000000011dec4       0x20 binaries/rdsinit.o
                                         0x38 (size before relaxing)
 .eh_frame      0x000000000011dee4       0x20 binaries/rdsopen.o
                                         0x38 (size before relaxing)
 .eh_frame      0x000000000011df04       0x1c binaries/rdsprocess.o
                                         0x34 (size before relaxing)
 .eh_frame      0x000000000011df20       0x20 binaries/rdsread.o
                                         0x38 (size before relaxing)
 .eh_frame      0x000000000011df40       0x20 binaries/rdswrite.o
                                         0x38 (size before relaxing)
 .eh_frame      0x000000000011df60       0x20 binaries/ramclose.o
                                         0x38 (size before relaxing)
 .eh_frame      0x000000000011df80       0x20 binaries/raminit.o
                                         0x38 (size before relaxing)
 .eh_frame      0x000000000011dfa0       0x20 binaries/ramopen.o
                                         0x38 (size before relaxing)
 .eh_frame      0x000000000011dfc0       0x20 binaries/ramread.o
                                         0x38 (size before relaxing)
 .eh_frame      0x000000000011dfe0       0x20 binaries/ramwrite.o
                                         0x38 (size before relaxing)
 .eh_frame      0x000000000011e000       0x20 binaries/lfdballoc.o
                                         0x38 (size before relaxing)
 .eh_frame      0x000000000011e020       0x20 binaries/lfdbfree.o
                                         0x38 (size before relaxing)
 .eh_frame      0x000000000011e040       0x20 binaries/lfflush.o
                                         0x38 (size before relaxing)
 .eh_frame      0x000000000011e060       0x20 binaries/lfgetmode.o
                                         0x38 (size before relaxing)
 .eh_frame      0x000000000011e080       0x20 binaries/lfiballoc.o
                                         0x38 (size before relaxing)
 .eh_frame      0x000000000011e0a0       0x20 binaries/lfibclear.o
                                         0x38 (size before relaxing)
 .eh_frame      0x000000000011e0c0       0x20 binaries/lfibget.o
                                         0x38 (size before relaxing)
 .eh_frame      0x000000000011e0e0       0x20 binaries/lfibput.o
                                         0x38 (size before relaxing)
 .eh_frame      0x000000000011e100       0x20 binaries/lflclose.o
                                         0x38 (size before relaxing)
 .eh_frame      0x000000000011e120       0x20 binaries/lflcontrol.o
                                         0x38 (size before relaxing)
 .eh_frame      0x000000000011e140       0x20 binaries/lflgetc.o
                                         0x38 (size before relaxing)
 .eh_frame      0x000000000011e160       0x20 binaries/lflinit.o
                                         0x38 (size before relaxing)
 .eh_frame      0x000000000011e180       0x20 binaries/lflputc.o
                                         0x38 (size before relaxing)
 .eh_frame      0x000000000011e1a0       0x20 binaries/lflread.o
                                         0x38 (size before relaxing)
 .eh_frame      0x000000000011e1c0       0x20 binaries/lflseek.o
                                         0x38 (size before relaxing)
 .eh_frame      0x000000000011e1e0       0x20 binaries/lflwrite.o
                                         0x38 (size before relaxing)
 .eh_frame      0x000000000011e200       0x20 binaries/lfscheck.o
                                         0x38 (size before relaxing)
 .eh_frame      0x000000000011e220       0x20 binaries/lfsckfmt.o
                                         0x38 (size before relaxing)
 .eh_frame      0x000000000011e240       0x20 binaries/lfscreate.o
                                         0x38 (size before relaxing)
 .eh_frame      0x000000000011e260       0x20 binaries/lfsetup.o
                                         0x38 (size before relaxing)
 .eh_frame      0x000000000011e280       0x20 binaries/lfsinit.o
                                         0x38 (size before relaxing)
 .eh_frame      0x000000000011e2a0       0x20 binaries/lfsopen.o
                                         0x38 (size before relaxing)
 .eh_frame      0x000000000011e2c0       0x20 binaries/lftruncate.o
                                         0x38 (size before relaxing)
 .eh_frame      0x000000000011e2e0       0x20 binaries/rflclose.o
                                         0x38 (size before relaxing)
 .eh_frame      0x000000000011e300       0x20 binaries/rflgetc.o
                                         0x38 (size before relaxing)
 .eh_frame      0x000000000011e320       0x20 binaries/rflinit.o
                                         0x38 (size before relaxing)
 .eh_frame      0x000000000011e340       0x20 binaries/rflputc.o
                                         0x38 (size before relaxing)
 .eh_frame      0x000000000011e360       0x20 binaries/rflread.o
                                         0x38 (size before relaxing)
 .eh_frame      0x000000000011e380       0x20 binaries/rflseek.o
                                         0x38 (size before relaxing)
 .eh_frame      0x000000000011e3a0       0x20 binaries/rflwrite.o
                                         0x38 (size before relaxing)
 .eh_frame      0x000000000011e3c0       0x20 binaries/rfscomm.o
                                         0x38 (size before relaxing)
 .eh_frame      0x000000000011e3e0       0x20 binaries/rfscontrol.o
                                         0x38 (size before relaxing)
 .eh_frame      0x000000000011e400       0x20 binaries/rfsgetmode.o
                                         0x38 (size before relaxing)
 .eh_frame      0x000000000011e420       0x20 binaries/rfsinit.o
                                         0x38 (size before relaxing)
 .eh_frame      0x000000000011e440       0x20 binaries/rfsndmsg.o
                                         0x38 (size before relaxing)
 .eh_frame      0x000000000011e460       0x20 binaries/rfsopen.o
                                         0x38 (size before relaxing)
 .eh_frame      0x000000000011e480       0xc0 binaries/arp.o
                                         0xd8 (size before relaxing)
 .eh_frame      0x000000000011e540       0xa0 binaries/dhcp.o
                                         0xb8 (size before relaxing)
 .eh_frame      0x000000000011e5e0       0x80 binaries/dns.o
                                         0x98 (size before relaxing)
 .eh_frame      0x000000000011e660       0x20 binaries/dot2ip.o
                                         0x38 (size before relaxing)
 .eh_frame      0x000000000011e680       0x40 binaries/hexdump.o
                                         0x58 (size before relaxing)
 .eh_frame      0x000000000011e6c0      0x14c binaries/icmp.o
                                        0x164 (size before relaxing)
 .eh_frame      0x000000000011e80c      0x11c binaries/ip.o
                                        0x134 (size before relaxing)
 .eh_frame      0x000000000011e928       0xa0 binaries/net.o
                                         0xb8 (size before relaxing)
 .eh_frame      0x000000000011e9c8       0x60 binaries/pdump.o
                                         0x78 (size before relaxing)
 .eh_frame      0x000000000011ea28       0x60 binaries/tftp.o
                                         0x78 (size before relaxing)
 .eh_frame      0x000000000011ea88      0x140 binaries/udp.o
                                        0x158 (size before relaxing)
 .eh_frame      0x000000000011ebc8       0x20 binaries/addargs.o
                                         0x38 (size before relaxing)
 .eh_frame      0x000000000011ebe8       0x20 binaries/lexan.o
                                         0x38 (size before relaxing)
 .eh_frame      0x000000000011ec08       0x20 binaries/shell.o
                                         0x38 (size before relaxing)
 .eh_frame      0x000000000011ec28       0x20 binaries/xsh_argecho.o
                                         0x38 (size before relaxing)
 .eh_frame      0x000000000011ec48       0x40 binaries/xsh_arp.o
                                         0x58 (size before relaxing)
 .eh_frame      0x000000000011ec88       0x20 binaries/xsh_cat.o
                                         0x38 (size before relaxing)
 .eh_frame      0x000000000011eca8       0x20 binaries/xsh_clear.o
                                         0x38 (size before relaxing)
 .eh_frame      0x000000000011ecc8       0x20 binaries/xsh_date.o
                                         0x38 (size before relaxing)
 .eh_frame      0x000000000011ece8       0x20 binaries/xsh_devdump.o
                                         0x38 (size before relaxing)
 .eh_frame      0x000000000011ed08       0x20 binaries/xsh_echo.o
                                         0x38 (size before relaxing)
 .eh_frame      0x000000000011ed28       0x20 binaries/xsh_exit.o
                                         0x38 (size before relaxing)
 .eh_frame      0x000000000011ed48       0x20 binaries/xsh_help.o
                                         0x38 (size before relaxing)
 .eh_frame      0x000000000011ed68       0x20 binaries/xsh_kill.o
                                         0x38 (size before relaxing)
 .eh_frame      0x000000000011ed88       0x40 binaries/xsh_memdump.o
                                         0x58 (size before relaxing)
 .eh_frame      0x000000000011edc8       0x60 binaries/xsh_memstat.o
                                         0x78 (size before relaxing)
 .eh_frame      0x000000000011ee28       0x30 binaries/xsh_netinfo.o
                                         0x48 (size before relaxing)
 .eh_frame      0x000000000011ee58       0x24 binaries/xsh_ping.o
                                         0x3c (size before relaxing)
 .eh_frame      0x000000000011ee7c       0x30 binaries/xsh_ps.o
                                         0x48 (size before relaxing)
 .eh_frame      0x000000000011eeac       0x20 binaries/xsh_sleep.o
                                         0x38 (size before relaxing)
 .eh_frame      0x000000000011eecc       0x20 binaries/xsh_udpdump.o
                                         0x38 (size before relaxing)
 .eh_frame      0x000000000011eeec       0x30 binaries/xsh_udpecho.o
                                         0x48 (size before relaxing)
 .eh_frame      0x000000000011ef1c       0x24 binaries/xsh_udpserver.o
                                         0x3c (size before relaxing)
 .eh_frame      0x000000000011ef40       0x20 binaries/xsh_uptime.o
                                         0x38 (size before relaxing)

.iplt           0x000000000011ef60        0x0
 .iplt          0x000000000011ef60        0x0 binaries/start.o

.rel.dyn        0x000000000011ef60        0x0
 .rel.iplt      0x000000000011ef60        0x0 binaries/start.o
 .rel.text      0x000000000011ef60        0x0 binaries/start.o
 .rel.data      0x000000000011ef60        0x0 binaries/start.o
 .rel.rodata    0x000000000011ef60        0x0 binaries/start.o

.data           0x000000000011ef60     0x10a0
                0x000000000011ef60                data = ABSOLUTE (.)
 *(.data .data.*)
 .data          0x000000000011ef60      0x460 binaries/start.o
                0x000000000011ef60                gdt
                0x000000000011efa0                gdtr
                0x000000000011efa6                idt
                0x000000000011f3a6                idtr
                0x000000000011f3ac                cpudelay
                0x000000000011f3b0                _bootdev
                0x000000000011f3b4                _cyloffset
 .data          0x000000000011f3c0       0x88 binaries/ascdate.o
                0x000000000011f3c0                Date
 .data          0x000000000011f448        0x0 binaries/bufinit.o
 .data          0x000000000011f448        0x0 binaries/chprio.o
 .data          0x000000000011f448        0x4 binaries/clkhandler.o
 .data          0x000000000011f44c        0x0 binaries/clkinit.o
 .data          0x000000000011f44c        0x0 binaries/close.o
[...]
 .comment       0x000000000000001d       0x1e binaries/addargs.o
 .comment       0x000000000000001d       0x1e binaries/lexan.o
 .comment       0x000000000000001d       0x1e binaries/shell.o
 .comment       0x000000000000001d       0x1e binaries/xsh_argecho.o
 .comment       0x000000000000001d       0x1e binaries/xsh_arp.o
 .comment       0x000000000000001d       0x1e binaries/xsh_cat.o
 .comment       0x000000000000001d       0x1e binaries/xsh_clear.o
 .comment       0x000000000000001d       0x1e binaries/xsh_date.o
 .comment       0x000000000000001d       0x1e binaries/xsh_devdump.o
 .comment       0x000000000000001d       0x1e binaries/xsh_echo.o
 .comment       0x000000000000001d       0x1e binaries/xsh_exit.o
 .comment       0x000000000000001d       0x1e binaries/xsh_help.o
 .comment       0x000000000000001d       0x1e binaries/xsh_kill.o
 .comment       0x000000000000001d       0x1e binaries/xsh_memdump.o
 .comment       0x000000000000001d       0x1e binaries/xsh_memstat.o
 .comment       0x000000000000001d       0x1e binaries/xsh_netinfo.o
 .comment       0x000000000000001d       0x1e binaries/xsh_ping.o
 .comment       0x000000000000001d       0x1e binaries/xsh_ps.o
 .comment       0x000000000000001d       0x1e binaries/xsh_sleep.o
 .comment       0x000000000000001d       0x1e binaries/xsh_udpdump.o
 .comment       0x000000000000001d       0x1e binaries/xsh_udpecho.o
 .comment       0x000000000000001d       0x1e binaries/xsh_udpserver.o
 .comment       0x000000000000001d       0x1e binaries/xsh_uptime.o

.note.GNU-stack
                0x0000000000000000        0x0
 .note.GNU-stack
                0x0000000000000000        0x0 binaries/ascdate.o
 .note.GNU-stack
                0x0000000000000000        0x0 binaries/bufinit.o
 .note.GNU-stack
                0x0000000000000000        0x0 binaries/chprio.o
 .note.GNU-stack
                0x0000000000000000        0x0 binaries/clkhandler.o
 .note.GNU-stack
                0x0000000000000000        0x0 binaries/clkinit.o
 .note.GNU-stack
                0x0000000000000000        0x0 binaries/close.o
 .note.GNU-stack
                0x0000000000000000        0x0 binaries/conf.o
 .note.GNU-stack
                0x0000000000000000        0x0 binaries/control.o
 .note.GNU-stack
                0x0000000000000000        0x0 binaries/control_reg.o
 .note.GNU-stack
                0x0000000000000000        0x0 binaries/create.o
 .note.GNU-stack
                0x0000000000000000        0x0 binaries/evec.o
 .note.GNU-stack
                0x0000000000000000        0x0 binaries/exit.o
 .note.GNU-stack
                0x0000000000000000        0x0 binaries/freebuf.o
 .note.GNU-stack
                0x0000000000000000        0x0 binaries/freemem.o
 .note.GNU-stack
                0x0000000000000000        0x0 binaries/freevirtualmem.o
 .note.GNU-stack
                0x0000000000000000        0x0 binaries/getbuf.o
 .note.GNU-stack
                0x0000000000000000        0x0 binaries/getc.o
 .note.GNU-stack
                0x0000000000000000        0x0 binaries/getdev.o
 .note.GNU-stack
                0x0000000000000000        0x0 binaries/getitem.o
 .note.GNU-stack
                0x0000000000000000        0x0 binaries/getmem.o
 .note.GNU-stack
                0x0000000000000000        0x0 binaries/getpid.o
 .note.GNU-stack
                0x0000000000000000        0x0 binaries/getprio.o
 .note.GNU-stack
                0x0000000000000000        0x0 binaries/getstk.o
 .note.GNU-stack
                0x0000000000000000        0x0 binaries/getticks.o
 .note.GNU-stack
                0x0000000000000000        0x0 binaries/gettime.o
 .note.GNU-stack
                0x0000000000000000        0x0 binaries/getutime.o
 .note.GNU-stack
                0x0000000000000000        0x0 binaries/i386.o
 .note.GNU-stack
                0x0000000000000000        0x0 binaries/init.o
 .note.GNU-stack
                0x0000000000000000        0x0 binaries/initialize.o
 .note.GNU-stack
                0x0000000000000000        0x0 binaries/insert.o
 .note.GNU-stack
                0x0000000000000000        0x0 binaries/insertd.o
 .note.GNU-stack
                0x0000000000000000        0x0 binaries/ioerr.o
 .note.GNU-stack
                0x0000000000000000        0x0 binaries/ionull.o
 .note.GNU-stack
                0x0000000000000000        0x0 binaries/kill.o
 .note.GNU-stack
                0x0000000000000000        0x0 binaries/kprintf.o
 .note.GNU-stack
                0x0000000000000000        0x0 binaries/main.o
 .note.GNU-stack
                0x0000000000000000        0x0 binaries/mark.o
 .note.GNU-stack
                0x0000000000000000        0x0 binaries/meminit.o
 .note.GNU-stack
                0x0000000000000000        0x0 binaries/mkbufpool.o
 .note.GNU-stack
                0x0000000000000000        0x0 binaries/newqueue.o
 .note.GNU-stack
                0x0000000000000000        0x0 binaries/open.o
 .note.GNU-stack
                0x0000000000000000        0x0 binaries/p4_debug_functions.o
 .note.GNU-stack
                0x0000000000000000        0x0 binaries/page_fault_handler.o
 .note.GNU-stack
                0x0000000000000000        0x0 binaries/panic.o
 .note.GNU-stack
                0x0000000000000000        0x0 binaries/pci.o
 .note.GNU-stack
                0x0000000000000000        0x0 binaries/ptclear.o
 .note.GNU-stack
                0x0000000000000000        0x0 binaries/ptcount.o
 .note.GNU-stack
                0x0000000000000000        0x0 binaries/ptcreate.o
 .note.GNU-stack
                0x0000000000000000        0x0 binaries/ptdelete.o
 .note.GNU-stack
                0x0000000000000000        0x0 binaries/ptinit.o
 .note.GNU-stack
                0x0000000000000000        0x0 binaries/ptrecv.o
 .note.GNU-stack
                0x0000000000000000        0x0 binaries/ptreset.o
 .note.GNU-stack
                0x0000000000000000        0x0 binaries/ptsend.o
 .note.GNU-stack
                0x0000000000000000        0x0 binaries/putc.o
 .note.GNU-stack
                0x0000000000000000        0x0 binaries/queue.o
 .note.GNU-stack
                0x0000000000000000        0x0 binaries/read.o
 .note.GNU-stack
                0x0000000000000000        0x0 binaries/ready.o
 .note.GNU-stack
                0x0000000000000000        0x0 binaries/receive.o
 .note.GNU-stack
                0x0000000000000000        0x0 binaries/recvclr.o
 .note.GNU-stack
                0x0000000000000000        0x0 binaries/recvtime.o
 .note.GNU-stack
                0x0000000000000000        0x0 binaries/resched.o
 .note.GNU-stack
                0x0000000000000000        0x0 binaries/resume.o
 .note.GNU-stack
                0x0000000000000000        0x0 binaries/seek.o
 .note.GNU-stack
                0x0000000000000000        0x0 binaries/semcount.o
 .note.GNU-stack
                0x0000000000000000        0x0 binaries/semcreate.o
 .note.GNU-stack
                0x0000000000000000        0x0 binaries/semdelete.o
 .note.GNU-stack
                0x0000000000000000        0x0 binaries/semreset.o
 .note.GNU-stack
                0x0000000000000000        0x0 binaries/send.o
 .note.GNU-stack
                0x0000000000000000        0x0 binaries/signal.o
 .note.GNU-stack
                0x0000000000000000        0x0 binaries/signaln.o
 .note.GNU-stack
                0x0000000000000000        0x0 binaries/sleep.o
 .note.GNU-stack
                0x0000000000000000        0x0 binaries/stacktrace.o
 .note.GNU-stack
                0x0000000000000000        0x0 binaries/suspend.o
 .note.GNU-stack
                0x0000000000000000        0x0 binaries/unsleep.o
 .note.GNU-stack
                0x0000000000000000        0x0 binaries/userret.o
 .note.GNU-stack
                0x0000000000000000        0x0 binaries/vcreate.o
 .note.GNU-stack
                0x0000000000000000        0x0 binaries/vfree.o
 .note.GNU-stack
                0x0000000000000000        0x0 binaries/virtual_mem.o
 .note.GNU-stack
                0x0000000000000000        0x0 binaries/vmalloc.o
 .note.GNU-stack
                0x0000000000000000        0x0 binaries/wait.o
 .note.GNU-stack
                0x0000000000000000        0x0 binaries/wakeup.o
 .note.GNU-stack
                0x0000000000000000        0x0 binaries/write.o
 .note.GNU-stack
                0x0000000000000000        0x0 binaries/xdone.o
 .note.GNU-stack
                0x0000000000000000        0x0 binaries/yield.o
 .note.GNU-stack
                0x0000000000000000        0x0 binaries/abs.o
 .note.GNU-stack
                0x0000000000000000        0x0 binaries/atoi.o
 .note.GNU-stack
                0x0000000000000000        0x0 binaries/atol.o
 .note.GNU-stack
                0x0000000000000000        0x0 binaries/bzero.o
 .note.GNU-stack
                0x0000000000000000        0x0 binaries/ctype_.o
 .note.GNU-stack
                0x0000000000000000        0x0 binaries/doprnt.o
 .note.GNU-stack
                0x0000000000000000        0x0 binaries/doscan.o
 .note.GNU-stack
                0x0000000000000000        0x0 binaries/fdoprnt.o
 .note.GNU-stack
                0x0000000000000000        0x0 binaries/fgetc.o
 .note.GNU-stack
                0x0000000000000000        0x0 binaries/fgets.o
 .note.GNU-stack
                0x0000000000000000        0x0 binaries/fprintf.o
 .note.GNU-stack
                0x0000000000000000        0x0 binaries/fputc.o
 .note.GNU-stack
                0x0000000000000000        0x0 binaries/fputs.o
 .note.GNU-stack
                0x0000000000000000        0x0 binaries/fscanf.o
 .note.GNU-stack
                0x0000000000000000        0x0 binaries/getchar.o
 .note.GNU-stack
                0x0000000000000000        0x0 binaries/labs.o
 .note.GNU-stack
                0x0000000000000000        0x0 binaries/memchr.o
 .note.GNU-stack
                0x0000000000000000        0x0 binaries/memcmp.o
 .note.GNU-stack
                0x0000000000000000        0x0 binaries/memcpy.o
 .note.GNU-stack
                0x0000000000000000        0x0 binaries/memset.o
 .note.GNU-stack
                0x0000000000000000        0x0 binaries/printf.o
 .note.GNU-stack
                0x0000000000000000        0x0 binaries/putchar.o
 .note.GNU-stack
                0x0000000000000000        0x0 binaries/qsort.o
 .note.GNU-stack
                0x0000000000000000        0x0 binaries/rand.o
 .note.GNU-stack
                0x0000000000000000        0x0 binaries/sprintf.o
 .note.GNU-stack
                0x0000000000000000        0x0 binaries/sscanf.o
 .note.GNU-stack
                0x0000000000000000        0x0 binaries/strchr.o
 .note.GNU-stack
                0x0000000000000000        0x0 binaries/strcmp.o
 .note.GNU-stack
                0x0000000000000000        0x0 binaries/strcpy.o
 .note.GNU-stack
                0x0000000000000000        0x0 binaries/strlen.o
 .note.GNU-stack
                0x0000000000000000        0x0 binaries/strncat.o
 .note.GNU-stack
                0x0000000000000000        0x0 binaries/strncmp.o
 .note.GNU-stack
                0x0000000000000000        0x0 binaries/strncpy.o
 .note.GNU-stack
                0x0000000000000000        0x0 binaries/strnlen.o
 .note.GNU-stack
                0x0000000000000000        0x0 binaries/strrchr.o
 .note.GNU-stack
                0x0000000000000000        0x0 binaries/strstr.o
 .note.GNU-stack
                0x0000000000000000        0x0 binaries/ttycontrol.o
 .note.GNU-stack
                0x0000000000000000        0x0 binaries/ttygetc.o
 .note.GNU-stack
                0x0000000000000000        0x0 binaries/ttyhandle_in.o
 .note.GNU-stack
                0x0000000000000000        0x0 binaries/ttyhandle_out.o
 .note.GNU-stack
                0x0000000000000000        0x0 binaries/ttyhandler.o
 .note.GNU-stack
                0x0000000000000000        0x0 binaries/ttyinit.o
 .note.GNU-stack
                0x0000000000000000        0x0 binaries/ttykickout.o
 .note.GNU-stack
                0x0000000000000000        0x0 binaries/ttyputc.o
 .note.GNU-stack
                0x0000000000000000        0x0 binaries/ttyread.o
 .note.GNU-stack
                0x0000000000000000        0x0 binaries/ttywrite.o
 .note.GNU-stack
                0x0000000000000000        0x0 binaries/mount.o
 .note.GNU-stack
                0x0000000000000000        0x0 binaries/naminit.o
 .note.GNU-stack
                0x0000000000000000        0x0 binaries/nammap.o
 .note.GNU-stack
                0x0000000000000000        0x0 binaries/namopen.o
 .note.GNU-stack
                0x0000000000000000        0x0 binaries/82545EMInit.o
 .note.GNU-stack
                0x0000000000000000        0x0 binaries/ethcontrol.o
 .note.GNU-stack
                0x0000000000000000        0x0 binaries/ethhandler.o
 .note.GNU-stack
                0x0000000000000000        0x0 binaries/ethinit.o
 .note.GNU-stack
                0x0000000000000000        0x0 binaries/ethread.o
 .note.GNU-stack
                0x0000000000000000        0x0 binaries/ethwrite.o
 .note.GNU-stack
                0x0000000000000000        0x0 binaries/rdsbufalloc.o
 .note.GNU-stack
                0x0000000000000000        0x0 binaries/rdsclose.o
 .note.GNU-stack
                0x0000000000000000        0x0 binaries/rdscomm.o
 .note.GNU-stack
                0x0000000000000000        0x0 binaries/rdscontrol.o
 .note.GNU-stack
                0x0000000000000000        0x0 binaries/rdsinit.o
 .note.GNU-stack
                0x0000000000000000        0x0 binaries/rdsopen.o
 .note.GNU-stack
                0x0000000000000000        0x0 binaries/rdsprocess.o
 .note.GNU-stack
                0x0000000000000000        0x0 binaries/rdsread.o
 .note.GNU-stack
                0x0000000000000000        0x0 binaries/rdswrite.o
 .note.GNU-stack
                0x0000000000000000        0x0 binaries/ramclose.o
 .note.GNU-stack
                0x0000000000000000        0x0 binaries/raminit.o
 .note.GNU-stack
                0x0000000000000000        0x0 binaries/ramopen.o
 .note.GNU-stack
                0x0000000000000000        0x0 binaries/ramread.o
 .note.GNU-stack
                0x0000000000000000        0x0 binaries/ramwrite.o
 .note.GNU-stack
                0x0000000000000000        0x0 binaries/lfdballoc.o
 .note.GNU-stack
                0x0000000000000000        0x0 binaries/lfdbfree.o
 .note.GNU-stack
                0x0000000000000000        0x0 binaries/lfflush.o
 .note.GNU-stack
                0x0000000000000000        0x0 binaries/lfgetmode.o
 .note.GNU-stack
                0x0000000000000000        0x0 binaries/lfiballoc.o
 .note.GNU-stack
                0x0000000000000000        0x0 binaries/lfibclear.o
 .note.GNU-stack
                0x0000000000000000        0x0 binaries/lfibget.o
 .note.GNU-stack
                0x0000000000000000        0x0 binaries/lfibput.o
 .note.GNU-stack
                0x0000000000000000        0x0 binaries/lflclose.o
 .note.GNU-stack
                0x0000000000000000        0x0 binaries/lflcontrol.o
 .note.GNU-stack
                0x0000000000000000        0x0 binaries/lflgetc.o
 .note.GNU-stack
                0x0000000000000000        0x0 binaries/lflinit.o
 .note.GNU-stack
                0x0000000000000000        0x0 binaries/lflputc.o
 .note.GNU-stack
                0x0000000000000000        0x0 binaries/lflread.o
 .note.GNU-stack
                0x0000000000000000        0x0 binaries/lflseek.o
 .note.GNU-stack
                0x0000000000000000        0x0 binaries/lflwrite.o
 .note.GNU-stack
                0x0000000000000000        0x0 binaries/lfscheck.o
 .note.GNU-stack
                0x0000000000000000        0x0 binaries/lfsckfmt.o
 .note.GNU-stack
                0x0000000000000000        0x0 binaries/lfscreate.o
 .note.GNU-stack
                0x0000000000000000        0x0 binaries/lfsetup.o
 .note.GNU-stack
                0x0000000000000000        0x0 binaries/lfsinit.o
 .note.GNU-stack
                0x0000000000000000        0x0 binaries/lfsopen.o
 .note.GNU-stack
                0x0000000000000000        0x0 binaries/lftruncate.o
 .note.GNU-stack
                0x0000000000000000        0x0 binaries/rflclose.o
 .note.GNU-stack
                0x0000000000000000        0x0 binaries/rflgetc.o
 .note.GNU-stack
                0x0000000000000000        0x0 binaries/rflinit.o
 .note.GNU-stack
                0x0000000000000000        0x0 binaries/rflputc.o
 .note.GNU-stack
                0x0000000000000000        0x0 binaries/rflread.o
 .note.GNU-stack
                0x0000000000000000        0x0 binaries/rflseek.o
 .note.GNU-stack
                0x0000000000000000        0x0 binaries/rflwrite.o
 .note.GNU-stack
                0x0000000000000000        0x0 binaries/rfscomm.o
 .note.GNU-stack
                0x0000000000000000        0x0 binaries/rfscontrol.o
 .note.GNU-stack
                0x0000000000000000        0x0 binaries/rfsgetmode.o
 .note.GNU-stack
                0x0000000000000000        0x0 binaries/rfsinit.o
 .note.GNU-stack
                0x0000000000000000        0x0 binaries/rfsndmsg.o
 .note.GNU-stack
                0x0000000000000000        0x0 binaries/rfsopen.o
 .note.GNU-stack
                0x0000000000000000        0x0 binaries/arp.o
 .note.GNU-stack
                0x0000000000000000        0x0 binaries/dhcp.o
 .note.GNU-stack
                0x0000000000000000        0x0 binaries/dns.o
 .note.GNU-stack
                0x0000000000000000        0x0 binaries/dot2ip.o
 .note.GNU-stack
                0x0000000000000000        0x0 binaries/hexdump.o
 .note.GNU-stack
                0x0000000000000000        0x0 binaries/icmp.o
 .note.GNU-stack
                0x0000000000000000        0x0 binaries/ip.o
 .note.GNU-stack
                0x0000000000000000        0x0 binaries/net.o
 .note.GNU-stack
                0x0000000000000000        0x0 binaries/pdump.o
 .note.GNU-stack
                0x0000000000000000        0x0 binaries/tftp.o
 .note.GNU-stack
                0x0000000000000000        0x0 binaries/udp.o
 .note.GNU-stack
                0x0000000000000000        0x0 binaries/addargs.o
 .note.GNU-stack
                0x0000000000000000        0x0 binaries/lexan.o
 .note.GNU-stack
                0x0000000000000000        0x0 binaries/shell.o
 .note.GNU-stack
                0x0000000000000000        0x0 binaries/xsh_argecho.o
 .note.GNU-stack
                0x0000000000000000        0x0 binaries/xsh_arp.o
 .note.GNU-stack
                0x0000000000000000        0x0 binaries/xsh_cat.o
 .note.GNU-stack
                0x0000000000000000        0x0 binaries/xsh_clear.o
 .note.GNU-stack
                0x0000000000000000        0x0 binaries/xsh_date.o
 .note.GNU-stack
                0x0000000000000000        0x0 binaries/xsh_devdump.o
 .note.GNU-stack
                0x0000000000000000        0x0 binaries/xsh_echo.o
 .note.GNU-stack
                0x0000000000000000        0x0 binaries/xsh_exit.o
 .note.GNU-stack
                0x0000000000000000        0x0 binaries/xsh_help.o
 .note.GNU-stack
                0x0000000000000000        0x0 binaries/xsh_kill.o
 .note.GNU-stack
                0x0000000000000000        0x0 binaries/xsh_memdump.o
 .note.GNU-stack
                0x0000000000000000        0x0 binaries/xsh_memstat.o
 .note.GNU-stack
                0x0000000000000000        0x0 binaries/xsh_netinfo.o
 .note.GNU-stack
                0x0000000000000000        0x0 binaries/xsh_ping.o
 .note.GNU-stack
                0x0000000000000000        0x0 binaries/xsh_ps.o
 .note.GNU-stack
                0x0000000000000000        0x0 binaries/xsh_sleep.o
 .note.GNU-stack
                0x0000000000000000        0x0 binaries/xsh_udpdump.o
 .note.GNU-stack
                0x0000000000000000        0x0 binaries/xsh_udpecho.o
 .note.GNU-stack
                0x0000000000000000        0x0 binaries/xsh_udpserver.o
 .note.GNU-stack
                0x0000000000000000        0x0 binaries/xsh_uptime.o
